
> mobile@1.0.0 web
> expo start --web

Starting project at /app/mobile
React Compiler enabled
Starting Metro Bundler
The following packages should be updated for best compatibility with the installed expo version:
  @react-native-community/datetimepicker@8.6.0 - expected version: 8.4.4
Your project may not work correctly until you install the expected versions of the packages.
Waiting on http://localhost:8081
Logs for your project will appear below.
Web node_modules/expo-router/entry.js ░░░░░░░░░░░░░░░░  0.0% (0/1)
Web node_modules/expo-router/entry.js ▓▓▓▓▓▓▓░░░░░░░░░ 46.0% (456/672)
λ node_modules/expo-router/node/render.js ▓▓▓▓▓▓▓▓▓░░░░░░░ 57.8% (555/805)
λ Bundled 6606ms node_modules/expo-router/node/render.js (1477 modules)
Web node_modules/expo-router/entry.js ▓▓▓▓▓▓▓▓▓▓▓▓▓▓▓░ 99.9% (1452/1452)
"shadow*" style props are deprecated. Use "boxShadow".
λ  WARN  props.pointerEvents is deprecated. Use style.pointerEvents
Web Bundled 12595ms node_modules/expo-router/entry.js (1452 modules)
Web node_modules/expo-router/entry.js ▓▓▓▓▓▓▓▓▓▓▓▓▓▓▓░ 99.9% (1452/1452)
Web Bundled 2580ms node_modules/expo-router/entry.js (1446 modules)
 LOG  [web] Logs will appear in the browser console
